// Jest Snapshot v1, https://goo.gl/fbAQLP

exports[`AppLogoView component should save a snapshot of the component 1`] = `
<View
  style={
    Object {
      "alignItems": "center",
    }
  }
>
  <Image
    source={
      Object {
        "testUri": "../../../src/assets/app-logo.png",
      }
    }
  />
</View>
`;
