// Jest Snapshot v1, https://goo.gl/fbAQLP

exports[`<Tag /> should render correctly 1`] = `
<View
  style={
    Array [
      Object {
        "backgroundColor": "#2089dc",
        "borderRadius": 4,
        "paddingHorizontal": 8,
        "paddingVertical": 4,
      },
      undefined,
    ]
  }
>
  <Themed.Text>
    placeholder
  </Themed.Text>
</View>
`;
