// Jest Snapshot v1, https://goo.gl/fbAQLP

exports[`<Tag /> should render correctly 1`] = `
<View
  style={
    Object {
      "backgroundColor": "#2089dc",
      "borderRadius": 8,
      "paddingHorizontal": 8,
      "paddingVertical": 4,
    }
  }
>
  <Themed.Text>
    placeholder
  </Themed.Text>
</View>
`;
