// Jest Snapshot v1, https://goo.gl/fbAQLP

exports[`<CardBackground /> should save a snapshot of the component 1`] = `
<ForwardRef
  onPress={[MockFunction]}
  style={
    Object {
      "alignItems": "center",
      "borderColor": "#186AA5",
      "borderRadius": 12,
      "borderWidth": 1,
      "height": 160,
      "justifyContent": "center",
      "margin": 12,
      "width": 160,
    }
  }
>
  <ImageBackground
    source="http://localhost/imgae.png"
    style={
      Object {
        "alignItems": "center",
        "height": 160,
        "justifyContent": "flex-end",
        "width": 160,
      }
    }
  >
    <View
      style={
        Object {
          "bottom": 32,
        }
      }
    >
      <Themed.Text
        style={
          Object {
            "fontSize": 20,
          }
        }
      >
        fake text
      </Themed.Text>
    </View>
  </ImageBackground>
</ForwardRef>
`;
