// Jest Snapshot v1, https://goo.gl/fbAQLP

exports[`HomeScreen should save a snapshot of the component 1`] = `
<ScrollView
  style={
    Object {
      "backgroundColor": undefined,
    }
  }
>
  <LayoutView
    style={
      Object {
        "alignItems": "center",
        "justifyContent": "center",
      }
    }
  >
    <Memo(Component) />
    <Themed.Text
      h4={true}
      style={
        Object {
          "marginVertical": 8,
        }
      }
    >
      Bienvenido
    </Themed.Text>
    <MenuItems />
    <ForwardRef(Themed.Button)
      onPress={[MockFunction]}
      title="Logout"
    />
  </LayoutView>
</ScrollView>
`;
