// Jest Snapshot v1, https://goo.gl/fbAQLP

exports[`App Component renders correctly 1`] = `
<Fragment>
  <StatusBar
    animated={false}
    backgroundColor="#0B132A"
    barStyle="light-content"
    showHideTransition="fade"
  />
  <ThemeProvider
    theme={
      Object {
        "Button": Object {
          "buttonStyle": Object {
            "height": 50,
            "width": 312,
          },
          "containerStyle": Object {
            "alignItems": "center",
          },
          "titleStyle": Object {
            "color": "#0B132A",
            "fontFamily": "Helvetica",
            "fontSize": 17,
          },
        },
        "Text": Object {
          "h4Style": Object {
            "fontSize": 30,
          },
          "style": Object {
            "color": "#ffffff",
            "fontFamily": "Helvetica",
            "fontSize": 15,
          },
        },
        "colors": Object {
          "blue1": "#0B132A",
          "blue2": "#186AA5",
          "primary": "#15E1CA",
          "white": "#ffffff",
        },
      }
    }
  >
    <ForwardRef(SafeAreaView)
      style={
        Object {
          "backgroundColor": "#0B132A",
          "flex": 1,
        }
      }
    >
      <AppIntro />
    </ForwardRef(SafeAreaView)>
  </ThemeProvider>
</Fragment>
`;
