// Jest Snapshot v1, https://goo.gl/fbAQLP

exports[`Card component should save a snapshot of the component 1`] = `
<ForwardRef
  onPress={[MockFunction]}
  style={
    Array [
      Object {
        "borderRadius": 8,
        "borderWidth": 1,
        "flex": 1,
        "margin": 4,
        "padding": 8,
      },
      undefined,
    ]
  }
/>
`;
