// Jest Snapshot v1, https://goo.gl/fbAQLP

exports[`InputForm should save a snapshot of the component 1`] = `
<ForwardRef(Themed.Input)
  errorMessage="fake mssage"
  inputContainerStyle={
    Array [
      Object {
        "borderColor": "red",
      },
    ]
  }
  onBlur={[MockFunction]}
  onChangeText={[MockFunction]}
  placeholder="fake placeholder"
  value="fake value"
/>
`;
